{
  "0 debug pnpm:scope": {
    "selected": 1
  },
  "1 debug pnpm:package-manifest": {
    "initial": {
      "name": "@reservoir0x/monorepo",
      "version": "0.0.11",
      "description": "Reservoir Protocol Monorepo",
      "license": "MIT",
      "private": true,
      "scripts": {
        "build": "turbo run build",
        "start": "turbo run start --log-prefix=none",
        "commitlint": "commitlint --edit",
        "lint-check": "eslint --cache --max-warnings 0 \"packages/**/src/**/*.+(js|ts|json)\"",
        "format-check": "prettier --cache --check \"packages/**/src/**/*.+(js|ts|json)\"",
        "format": "prettier --cache --write \"packages/**/src/**/*.+(js|ts|json)\"",
        "prepare": "husky install",
        "release": "standard-version"
      },
      "dependencies": {
        "turbo": "^1.13.4"
      },
      "workspaces": [
        "packages/*"
      ],
      "_moduleAliases": {
        "@/api": "./packages/indexer/dist/api",
        "@/arweave-sync": "./packages/indexer/dist/sync/arweave",
        "@/common": "./packages/indexer/dist/common",
        "@/config": "./packages/indexer/dist/config",
        "@/models": "./packages/indexer/dist/models",
        "@/utils": "./packages/indexer/dist/utils",
        "@/jobs": "./packages/indexer/dist/jobs",
        "@/orderbook": "./packages/indexer/dist/orderbook",
        "@/events-sync": "./packages/indexer/dist/sync/events",
        "@/pubsub": "./packages/indexer/dist/pubsub",
        "@/websockets": "./packages/indexer/dist/websockets",
        "@/elasticsearch": "./packages/indexer/dist/elasticsearch",
        "@/metadata": "./packages/indexer/dist/metadata"
      },
      "resolutions": {
        "**/flat": "^5.0.1",
        "**/underscore": "^1.12.1",
        "**/@openzeppelin/contracts": "^4.7.3",
        "**/json5": "^2.2.2",
        "**/minimatch": "^3.0.5",
        "**/async": "^2.6.4",
        "**/lodash": "^4.17.21",
        "**/node-fetch": "^2.6.7",
        "**/yargs-parser": "^21.1.1",
        "**/@sideway/formula": "^3.0.1",
        "**/got": "^11.8.5",
        "**/validator": "^13.7.0",
        "**/swagger-ui-dist": "4.13"
      },
      "devDependencies": {
        "@commitlint/cli": "^17.4.4",
        "@commitlint/config-angular": "^17.4.4",
        "@semantic-release/changelog": "^6.0.2",
        "@semantic-release/exec": "^6.0.3",
        "@semantic-release/git": "^10.0.1",
        "eslint": "^8.10.0",
        "eslint-config-prettier": "^8.5.0",
        "husky": "^7.0.4",
        "prettier": "^2.5.1",
        "standard-version": "^9.3.2",
        "semantic-release": "^20.1.1"
      }
    },
    "prefix": "/Users/dachao/Documents/Dev/reservoir-indexer"
  },
  "2 debug pnpm:context": {
    "currentLockfileExists": false,
    "storeDir": "/Users/dachao/.pnpm-store/v3",
    "virtualStoreDir": "/Users/dachao/Documents/Dev/reservoir-indexer/node_modules/.pnpm"
  },
  "3 debug pnpm:stage": {
    "prefix": "/Users/dachao/Documents/Dev/reservoir-indexer",
    "stage": "resolution_started"
  },
  "4 debug pnpm:request-retry": {
    "attempt": 1,
    "error": {
      "code": "ERR_INVALID_THIS"
    },
    "maxRetries": 2,
    "method": "GET",
    "timeout": 10000,
    "url": "https://registry.npmjs.org/@commitlint%2Fcli"
  },
  "5 debug pnpm:request-retry": {
    "attempt": 1,
    "error": {
      "code": "ERR_INVALID_THIS"
    },
    "maxRetries": 2,
    "method": "GET",
    "timeout": 10000,
    "url": "https://registry.npmjs.org/@commitlint%2Fconfig-angular"
  },
  "6 debug pnpm:request-retry": {
    "attempt": 1,
    "error": {
      "code": "ERR_INVALID_THIS"
    },
    "maxRetries": 2,
    "method": "GET",
    "timeout": 10000,
    "url": "https://registry.npmjs.org/@semantic-release%2Fchangelog"
  },
  "7 debug pnpm:request-retry": {
    "attempt": 1,
    "error": {
      "code": "ERR_INVALID_THIS"
    },
    "maxRetries": 2,
    "method": "GET",
    "timeout": 10000,
    "url": "https://registry.npmjs.org/@semantic-release%2Fexec"
  },
  "8 debug pnpm:request-retry": {
    "attempt": 1,
    "error": {
      "code": "ERR_INVALID_THIS"
    },
    "maxRetries": 2,
    "method": "GET",
    "timeout": 10000,
    "url": "https://registry.npmjs.org/@semantic-release%2Fgit"
  },
  "9 debug pnpm:request-retry": {
    "attempt": 1,
    "error": {
      "code": "ERR_INVALID_THIS"
    },
    "maxRetries": 2,
    "method": "GET",
    "timeout": 10000,
    "url": "https://registry.npmjs.org/eslint"
  },
  "10 debug pnpm:request-retry": {
    "attempt": 1,
    "error": {
      "code": "ERR_INVALID_THIS"
    },
    "maxRetries": 2,
    "method": "GET",
    "timeout": 10000,
    "url": "https://registry.npmjs.org/eslint-config-prettier"
  },
  "11 debug pnpm:request-retry": {
    "attempt": 1,
    "error": {
      "code": "ERR_INVALID_THIS"
    },
    "maxRetries": 2,
    "method": "GET",
    "timeout": 10000,
    "url": "https://registry.npmjs.org/husky"
  },
  "12 debug pnpm:request-retry": {
    "attempt": 1,
    "error": {
      "code": "ERR_INVALID_THIS"
    },
    "maxRetries": 2,
    "method": "GET",
    "timeout": 10000,
    "url": "https://registry.npmjs.org/prettier"
  },
  "13 debug pnpm:request-retry": {
    "attempt": 1,
    "error": {
      "code": "ERR_INVALID_THIS"
    },
    "maxRetries": 2,
    "method": "GET",
    "timeout": 10000,
    "url": "https://registry.npmjs.org/standard-version"
  },
  "14 debug pnpm:request-retry": {
    "attempt": 1,
    "error": {
      "code": "ERR_INVALID_THIS"
    },
    "maxRetries": 2,
    "method": "GET",
    "timeout": 10000,
    "url": "https://registry.npmjs.org/semantic-release"
  },
  "15 debug pnpm:request-retry": {
    "attempt": 1,
    "error": {
      "code": "ERR_INVALID_THIS"
    },
    "maxRetries": 2,
    "method": "GET",
    "timeout": 10000,
    "url": "https://registry.npmjs.org/turbo"
  },
  "16 debug pnpm:request-retry": {
    "attempt": 2,
    "error": {
      "code": "ERR_INVALID_THIS"
    },
    "maxRetries": 2,
    "method": "GET",
    "timeout": 60000,
    "url": "https://registry.npmjs.org/@commitlint%2Fcli"
  },
  "17 debug pnpm:request-retry": {
    "attempt": 2,
    "error": {
      "code": "ERR_INVALID_THIS"
    },
    "maxRetries": 2,
    "method": "GET",
    "timeout": 60000,
    "url": "https://registry.npmjs.org/@commitlint%2Fconfig-angular"
  },
  "18 debug pnpm:request-retry": {
    "attempt": 2,
    "error": {
      "code": "ERR_INVALID_THIS"
    },
    "maxRetries": 2,
    "method": "GET",
    "timeout": 60000,
    "url": "https://registry.npmjs.org/@semantic-release%2Fchangelog"
  },
  "19 debug pnpm:request-retry": {
    "attempt": 2,
    "error": {
      "code": "ERR_INVALID_THIS"
    },
    "maxRetries": 2,
    "method": "GET",
    "timeout": 60000,
    "url": "https://registry.npmjs.org/@semantic-release%2Fexec"
  },
  "20 debug pnpm:request-retry": {
    "attempt": 2,
    "error": {
      "code": "ERR_INVALID_THIS"
    },
    "maxRetries": 2,
    "method": "GET",
    "timeout": 60000,
    "url": "https://registry.npmjs.org/@semantic-release%2Fgit"
  },
  "21 debug pnpm:request-retry": {
    "attempt": 2,
    "error": {
      "code": "ERR_INVALID_THIS"
    },
    "maxRetries": 2,
    "method": "GET",
    "timeout": 60000,
    "url": "https://registry.npmjs.org/eslint"
  },
  "22 debug pnpm:request-retry": {
    "attempt": 2,
    "error": {
      "code": "ERR_INVALID_THIS"
    },
    "maxRetries": 2,
    "method": "GET",
    "timeout": 60000,
    "url": "https://registry.npmjs.org/eslint-config-prettier"
  },
  "23 debug pnpm:request-retry": {
    "attempt": 2,
    "error": {
      "code": "ERR_INVALID_THIS"
    },
    "maxRetries": 2,
    "method": "GET",
    "timeout": 60000,
    "url": "https://registry.npmjs.org/husky"
  },
  "24 debug pnpm:request-retry": {
    "attempt": 2,
    "error": {
      "code": "ERR_INVALID_THIS"
    },
    "maxRetries": 2,
    "method": "GET",
    "timeout": 60000,
    "url": "https://registry.npmjs.org/prettier"
  },
  "25 debug pnpm:request-retry": {
    "attempt": 2,
    "error": {
      "code": "ERR_INVALID_THIS"
    },
    "maxRetries": 2,
    "method": "GET",
    "timeout": 60000,
    "url": "https://registry.npmjs.org/standard-version"
  },
  "26 debug pnpm:request-retry": {
    "attempt": 2,
    "error": {
      "code": "ERR_INVALID_THIS"
    },
    "maxRetries": 2,
    "method": "GET",
    "timeout": 60000,
    "url": "https://registry.npmjs.org/semantic-release"
  },
  "27 debug pnpm:request-retry": {
    "attempt": 2,
    "error": {
      "code": "ERR_INVALID_THIS"
    },
    "maxRetries": 2,
    "method": "GET",
    "timeout": 60000,
    "url": "https://registry.npmjs.org/turbo"
  },
  "28 error pnpm": {
    "code": "ERR_PNPM_META_FETCH_FAIL",
    "attempts": 1,
    "pkgsStack": [],
    "err": {
      "name": "pnpm",
      "message": "GET https://registry.npmjs.org/@commitlint%2Fcli: Value of \"this\" must be of type URLSearchParams",
      "code": "ERR_PNPM_META_FETCH_FAIL",
      "stack": "pnpm: GET https://registry.npmjs.org/@commitlint%2Fcli: Value of \"this\" must be of type URLSearchParams\n    at RetryOperation._fn (/usr/local/lib/node_modules/pnpm/dist/pnpm.cjs:84979:18)"
    }
  }
}